[labartisan.net/demo/constol/assets/css/favicon.png]
[backblue.gif]
[fade.gif]
[index.html]
[labartisan.net/demo/constol/assets/images/header/icon/01.png]
[labartisan.net/demo/constol/assets/images/header/icon/02.png]
[labartisan.net/demo/constol/assets/images/header/logo/logo.png]
[labartisan.net/demo/constol/assets/images/banner/bg/01.jpg]
[labartisan.net/demo/constol/assets/images/banner/bg/01-d2.jpg]
[labartisan.net/demo/constol/assets/images/banner/bg/01-d3.jpg]
[labartisan.net/demo/constol/assets/images/feature/icon/01.png]
[labartisan.net/demo/constol/assets/images/feature/icon/02.png]
[labartisan.net/demo/constol/assets/images/feature/icon/03.png]
[labartisan.net/demo/constol/assets/images/about/icon/01.png]
[labartisan.net/demo/constol/assets/images/about/icon/02.png]
[labartisan.net/demo/constol/assets/images/about/01.jpg]
[labartisan.net/demo/constol/assets/images/about/02.jpg]
[labartisan.net/demo/constol/assets/images/about/icon/03.png]
[labartisan.net/demo/constol/assets/images/service/01.jpg]
[labartisan.net/demo/constol/assets/images/service/02.jpg]
[labartisan.net/demo/constol/assets/images/service/03.jpg]
[labartisan.net/demo/constol/assets/images/team/01.jpg]
[labartisan.net/demo/constol/assets/images/team/02.jpg]
[labartisan.net/demo/constol/assets/images/team/03.jpg]
[labartisan.net/demo/constol/assets/images/team/04.jpg]
[labartisan.net/demo/constol/assets/images/bg/01.jpg]
[labartisan.net/demo/constol/assets/images/work/icon/01.png]
[labartisan.net/demo/constol/assets/images/work/icon/02.png]
[labartisan.net/demo/constol/assets/images/work/icon/03.png]
[labartisan.net/demo/constol/assets/images/project/01.jpg]
[labartisan.net/demo/constol/assets/images/project/02.jpg]
[labartisan.net/demo/constol/assets/images/project/03.jpg]
[labartisan.net/demo/constol/assets/images/project/04.jpg]
[labartisan.net/demo/constol/assets/images/project/05.jpg]
[labartisan.net/demo/constol/assets/images/bg/02.jpg]
[labartisan.net/demo/constol/assets/images/testimonial/reviwer/01.jpg]
[labartisan.net/demo/constol/assets/images/testimonial/reviwer/02.jpg]
[labartisan.net/demo/constol/assets/images/sponsor/01.png]
[labartisan.net/demo/constol/assets/images/sponsor/02.png]
[labartisan.net/demo/constol/assets/images/sponsor/03.png]
[labartisan.net/demo/constol/assets/images/sponsor/04.png]
[labartisan.net/demo/constol/assets/images/sponsor/05.png]
[labartisan.net/demo/constol/assets/images/blog/home/01.jpg]
[labartisan.net/demo/constol/assets/images/blog/home/02.jpg]
[labartisan.net/demo/constol/assets/images/blog/home/03.jpg]
[labartisan.net/demo/constol/assets/images/blog/recentpost/01.jpg]
[labartisan.net/demo/constol/assets/images/blog/recentpost/02.jpg]
[labartisan.net/demo/constol/assets/images/footer/gallery/01.jpg]
[labartisan.net/demo/constol/assets/images/footer/gallery/02.jpg]
[labartisan.net/demo/constol/assets/images/footer/gallery/03.jpg]
[labartisan.net/demo/constol/assets/images/footer/gallery/04.jpg]
[labartisan.net/demo/constol/assets/images/footer/gallery/05.jpg]
[labartisan.net/demo/constol/assets/images/footer/gallery/06.jpg]
[labartisan.net/demo/constol/assets/js/jquery.js]
[labartisan.net/demo/constol/assets/js/bootstrap.bundle.min.js]
[labartisan.net/demo/constol/assets/js/waypoints.min.js]
[labartisan.net/demo/constol/assets/js/swiper.min.js]
[labartisan.net/demo/constol/assets/js/jquery.counterup.min.js]
[labartisan.net/demo/constol/assets/js/circularProgressBar.min.js]
[labartisan.net/demo/constol/assets/js/wow.min.js]
[labartisan.net/demo/constol/assets/js/isotope.pkgd.min.js]
[labartisan.net/demo/constol/assets/js/viewport.jquery.js]
[labartisan.net/demo/constol/assets/js/odometer.min.js]
[labartisan.net/demo/constol/assets/js/lightcase.js]
[labartisan.net/demo/constol/assets/js/functions.js]
[labartisan.net/demo/constol/index.html]
[labartisan.net/demo/constol/assets/css/animate.css]
[labartisan.net/demo/constol/assets/css/bootstrap.min.css]
[labartisan.net/demo/constol/assets/webfonts/fa-brands-400.woff2]
[labartisan.net/demo/constol/assets/webfonts/fa-brands-400.ttf]
[labartisan.net/demo/constol/assets/webfonts/fa-regular-400.woff2]
[labartisan.net/demo/constol/assets/webfonts/fa-regular-400.ttf]
[labartisan.net/demo/constol/assets/webfonts/fa-solid-900.woff2]
[labartisan.net/demo/constol/assets/webfonts/fa-solid-900.ttf]
[labartisan.net/demo/constol/assets/webfonts/fa-v4compatibility.woff2]
[labartisan.net/demo/constol/assets/webfonts/fa-v4compatibility.ttf]
[labartisan.net/demo/constol/assets/css/all.min.css]
[labartisan.net/demo/constol/assets/css/swiper.min.css]
[labartisan.net/demo/constol/assets/css/odometer.css]
[labartisan.net/demo/constol/assets/fonts/lightcaseeead.eot]
[labartisan.net/demo/constol/assets/fonts/lightcaseeead.woff]
[labartisan.net/demo/constol/assets/fonts/lightcaseeead.ttf]
[labartisan.net/demo/constol/assets/css/lightcase.css]
[labartisan.net/demo/constol/assets/images/about/shape.png]
[labartisan.net/demo/constol/assets/images/bg/pageheader.jpg]
[labartisan.net/demo/constol/assets/css/style.css]
[labartisan.net/demo/constol/assets/images/header/logo/logo2.png]
[labartisan.net/demo/constol/assets/images/header/icon/03.png]
[labartisan.net/demo/constol/assets/images/header/icon/04.png]
[labartisan.net/demo/constol/assets/images/header/icon/05.png]
[labartisan.net/demo/constol/assets/images/banner/bg/02.jpg]
[labartisan.net/demo/constol/assets/images/banner/bg/03.jpg]
[labartisan.net/demo/constol/assets/images/feature/icon/04.png]
[labartisan.net/demo/constol/assets/images/feature/icon/05.png]
[labartisan.net/demo/constol/assets/images/feature/icon/06.png]
[labartisan.net/demo/constol/assets/images/feature/icon/07.png]
[labartisan.net/demo/constol/assets/images/about/author/01.jpg]
[labartisan.net/demo/constol/assets/images/about/04.jpg]
[labartisan.net/demo/constol/assets/images/about/05.jpg]
[labartisan.net/demo/constol/assets/images/service/icon/01.png]
[labartisan.net/demo/constol/assets/images/service/icon/02.png]
[labartisan.net/demo/constol/assets/images/service/icon/03.png]
[labartisan.net/demo/constol/assets/images/service/icon/04.png]
[labartisan.net/demo/constol/assets/images/service/icon/05.png]
[labartisan.net/demo/constol/assets/images/service/icon/06.png]
[labartisan.net/demo/constol/assets/images/project/06.jpg]
[labartisan.net/demo/constol/assets/images/bg/03.jpg]
[labartisan.net/demo/constol/assets/images/specialtie/01.png]
[labartisan.net/demo/constol/assets/images/specialtie/02.png]
[labartisan.net/demo/constol/assets/images/specialtie/03.png]
[labartisan.net/demo/constol/assets/images/specialtie/04.png]
[labartisan.net/demo/constol/index-2.html]
[labartisan.net/demo/constol/assets/images/banner/bg/03-d4.jpg]
[labartisan.net/demo/constol/assets/images/banner/bg/03-d2.jpg]
[labartisan.net/demo/constol/assets/images/banner/bg/03-d3.jpg]
[labartisan.net/demo/constol/assets/images/feature/icon/08.png]
[labartisan.net/demo/constol/assets/images/feature/icon/09.png]
[labartisan.net/demo/constol/assets/images/feature/icon/10.png]
[labartisan.net/demo/constol/assets/images/about/06.jpg]
[labartisan.net/demo/constol/assets/images/about/07.jpg]
[labartisan.net/demo/constol/assets/images/project/07.jpg]
[labartisan.net/demo/constol/assets/images/project/08.jpg]
[labartisan.net/demo/constol/assets/images/project/09.jpg]
[labartisan.net/demo/constol/assets/images/project/10.jpg]
[labartisan.net/demo/constol/assets/images/project/11.jpg]
[labartisan.net/demo/constol/assets/images/bg/04.jpg]
[labartisan.net/demo/constol/assets/images/testimonial/video/01.jpg]
[labartisan.net/demo/constol/assets/images/testimonial/reviwer/03.jpg]
[labartisan.net/demo/constol/assets/images/testimonial/reviwer/04.jpg]
[labartisan.net/demo/constol/assets/images/work/icon/05.png]
[labartisan.net/demo/constol/assets/images/work/icon/06.png]
[labartisan.net/demo/constol/assets/images/work/icon/07.png]
[labartisan.net/demo/constol/assets/images/work/icon/08.png]
[labartisan.net/demo/constol/index-3.html]
[labartisan.net/demo/constol/assets/images/header/icon/06.png]
[labartisan.net/demo/constol/assets/images/header/icon/07.png]
[labartisan.net/demo/constol/assets/images/banner/bg/04.jpg]
[labartisan.net/demo/constol/assets/images/banner/bg/04-d2.jpg]
[labartisan.net/demo/constol/assets/images/banner/bg/04-d3.jpg]
[labartisan.net/demo/constol/assets/images/feature/icon/11.png]
[labartisan.net/demo/constol/assets/images/feature/icon/12.png]
[labartisan.net/demo/constol/assets/images/feature/icon/13.png]
[labartisan.net/demo/constol/assets/images/feature/icon/14.png]
[labartisan.net/demo/constol/assets/images/feature/icon/15.png]
[labartisan.net/demo/constol/assets/images/feature/icon/16.png]
[labartisan.net/demo/constol/assets/images/about/icon/04.png]
[labartisan.net/demo/constol/assets/images/about/icon/05.png]
[labartisan.net/demo/constol/assets/images/about/08.jpg]
[labartisan.net/demo/constol/assets/images/about/09.jpg]
[labartisan.net/demo/constol/assets/images/about/10.jpg]
[labartisan.net/demo/constol/assets/images/service/04.jpg]
[labartisan.net/demo/constol/assets/images/service/05.jpg]
[labartisan.net/demo/constol/assets/images/service/06.jpg]
[labartisan.net/demo/constol/assets/images/service/07.jpg]
[labartisan.net/demo/constol/assets/images/specialtie/01.jpg]
[labartisan.net/demo/constol/assets/images/specialtie/02.jpg]
[labartisan.net/demo/constol/assets/images/bg/05.jpg]
[labartisan.net/demo/constol/assets/images/testimonial/reviwer/05.jpg]
[labartisan.net/demo/constol/assets/images/testimonial/reviwer/06.jpg]
[labartisan.net/demo/constol/assets/images/about/11.jpg]
[labartisan.net/demo/constol/index-4.html]
[labartisan.net/demo/constol/assets/images/banner/bg/05.jpg]
[labartisan.net/demo/constol/assets/video/video-bg.mp4]
[labartisan.net/demo/constol/assets/images/appointment/icon/01.png]
[labartisan.net/demo/constol/assets/images/appointment/icon/02.png]
[labartisan.net/demo/constol/assets/images/appointment/icon/03.png]
[labartisan.net/demo/constol/assets/images/about/12.jpg]
[labartisan.net/demo/constol/assets/images/about/13.jpg]
[labartisan.net/demo/constol/assets/images/service/08.jpg]
[labartisan.net/demo/constol/assets/images/service/09.jpg]
[labartisan.net/demo/constol/assets/images/service/10.jpg]
[labartisan.net/demo/constol/assets/images/misson/01.jpg]
[labartisan.net/demo/constol/assets/images/misson/02.jpg]
[labartisan.net/demo/constol/assets/images/misson/03.jpg]
[labartisan.net/demo/constol/assets/images/misson/04.jpg]
[labartisan.net/demo/constol/assets/images/testimonial/reviwer/07.jpg]
[labartisan.net/demo/constol/assets/images/testimonial/reviwer/08.jpg]
[labartisan.net/demo/constol/index-5.html]
[labartisan.net/demo/constol/about.html]
[labartisan.net/demo/constol/assets/images/bg/06.jpg]
[labartisan.net/demo/constol/about-2.html]
[labartisan.net/demo/constol/adviser.html]
[labartisan.net/demo/constol/assets/images/team/05.jpg]
[labartisan.net/demo/constol/adviser-single.html]
[labartisan.net/demo/constol/assets/images/jobs/icon/01.jpg]
[labartisan.net/demo/constol/assets/images/jobs/icon/02.jpg]
[labartisan.net/demo/constol/assets/images/jobs/icon/03.jpg]
[labartisan.net/demo/constol/assets/images/jobs/icon/04.jpg]
[labartisan.net/demo/constol/assets/images/jobs/icon/05.jpg]
[labartisan.net/demo/constol/assets/images/jobs/icon/06.jpg]
[labartisan.net/demo/constol/assets/images/jobs/icon/07.jpg]
[labartisan.net/demo/constol/assets/images/jobs/icon/08.jpg]
[labartisan.net/demo/constol/jobs.html]
[labartisan.net/demo/constol/faq.html]
[labartisan.net/demo/constol/assets/images/history/01.jpg]
[labartisan.net/demo/constol/assets/images/history/02.jpg]
[labartisan.net/demo/constol/assets/images/history/03.jpg]
[labartisan.net/demo/constol/assets/images/history/04.jpg]
[labartisan.net/demo/constol/history.html]
[labartisan.net/demo/constol/assets/images/404.png]
[labartisan.net/demo/constol/404.html]
[labartisan.net/demo/constol/service.html]
[labartisan.net/demo/constol/assets/images/service/single/01.jpg]
[labartisan.net/demo/constol/assets/images/service/single/02.jpg]
[labartisan.net/demo/constol/assets/images/service/single/03.jpg]
[labartisan.net/demo/constol/assets/images/service/single/04.jpg]
[labartisan.net/demo/constol/assets/images/service/icon/07.png]
[labartisan.net/demo/constol/assets/images/service/icon/08.png]
[labartisan.net/demo/constol/assets/images/service/icon/09.png]
[labartisan.net/demo/constol/service-single.html]
[labartisan.net/demo/constol/assets/images/project/12.jpg]
[labartisan.net/demo/constol/assets/images/project/13.jpg]
[labartisan.net/demo/constol/assets/images/project/14.jpg]
[labartisan.net/demo/constol/assets/images/project/15.jpg]
[labartisan.net/demo/constol/assets/images/project/16.jpg]
[labartisan.net/demo/constol/assets/images/project/17.jpg]
[labartisan.net/demo/constol/project.html]
[labartisan.net/demo/constol/assets/images/project/single/01.jpg]
[labartisan.net/demo/constol/assets/images/project/single/02.jpg]
[labartisan.net/demo/constol/project-single.html]
[labartisan.net/demo/constol/assets/images/blog/home/04.jpg]
[labartisan.net/demo/constol/assets/images/blog/home/05.jpg]
[labartisan.net/demo/constol/assets/images/blog/home/06.jpg]
[labartisan.net/demo/constol/assets/images/blog/home/07.jpg]
[labartisan.net/demo/constol/assets/images/blog/home/08.jpg]
[labartisan.net/demo/constol/assets/images/blog/home/09.jpg]
[labartisan.net/demo/constol/blog.html]
[labartisan.net/demo/constol/assets/images/blog/recentpost/03.jpg]
[labartisan.net/demo/constol/assets/images/blog/recentpost/04.jpg]
[labartisan.net/demo/constol/assets/images/blog/recentpost/05.jpg]
[labartisan.net/demo/constol/assets/images/blog/recentpost/06.jpg]
[labartisan.net/demo/constol/blog-2.html]
[labartisan.net/demo/constol/assets/images/blog/01.jpg]
[labartisan.net/demo/constol/assets/images/blog/02.jpg]
[labartisan.net/demo/constol/assets/images/blog/03.jpg]
[labartisan.net/demo/constol/blog-3.html]
[labartisan.net/demo/constol/assets/images/blog/single/01.jpg]
[labartisan.net/demo/constol/assets/images/blog/single/02.jpg]
[labartisan.net/demo/constol/assets/images/blog/single/author/01.jpg]
[labartisan.net/demo/constol/assets/images/blog/single/author/02.jpg]
[labartisan.net/demo/constol/assets/images/blog/single/author/03.jpg]
[labartisan.net/demo/constol/assets/images/blog/single/author/04.jpg]
[labartisan.net/demo/constol/blog-single.html]
[labartisan.net/demo/constol/contact.html]
[labartisan.net/demo/constol/appointment.html]
[labartisan.net/demo/constol/blog-sing.html]
[labartisan.net/demo/constol/assets/fonts/lightcaseeead.svg]
[labartisan.net/demo/constol/assets/images/title-shape.html]
